make: Entering directory '/home/mert/Work/omarchy-mac-external-monitor/artifacts/thunderbolt-kernel/build'
make[1]: Entering directory '/home/mert/Work/omarchy-mac-external-monitor/artifacts/thunderbolt-dpin/module'
  CC [M]  afk.o
  CC [M]  apple_drv.o
  CC [M]  dcp.o
  CC [M]  dptxep.o
  CC [M]  dcp_backlight.o
  CC [M]  iomfb.o
  CC [M]  parser.o
  CC [M]  systemep.o
  CC [M]  audio.o
  CC [M]  av.o
  CC [M]  connector.o
  CC [M]  ibootep.o
  CC [M]  iomfb_v12_3.o
  CC [M]  iomfb_v13_3.o
  CC [M]  iomfb_v14_7.o
  CC [M]  epic/dpavservep.o
  CC [M]  plane.o
  CC [M]  trace.o
  LD [M]  appledrm.o
  MODPOST Module.symvers
  CC [M]  appledrm.mod.o
  CC [M]  .module-common.o
  LD [M]  appledrm.ko
  BTF [M] appledrm.ko
make[1]: Leaving directory '/home/mert/Work/omarchy-mac-external-monitor/artifacts/thunderbolt-dpin/module'
make: Leaving directory '/home/mert/Work/omarchy-mac-external-monitor/artifacts/thunderbolt-kernel/build'
