make: Entering directory '/home/mert/Work/omarchy-mac-external-monitor/sources/linux-usb4-backport'
make[1]: Entering directory '/home/mert/Work/omarchy-mac-external-monitor/artifacts/usb4-backport/build'
  DESCEND bpf/resolve_btfids
  INSTALL libsubcmd_headers
  CC [M]  drivers/thunderbolt/tb.o
  LD [M]  drivers/thunderbolt/thunderbolt.o
  DESCEND bpf/resolve_btfids
  INSTALL libsubcmd_headers
  CC [M]  drivers/phy/apple/atc.o
  LD [M]  drivers/phy/apple/phy-apple-atc.o
  DESCEND bpf/resolve_btfids
  INSTALL libsubcmd_headers
  CC [M]  drivers/gpu/drm/apple/apple_drv.o
  CC [M]  drivers/gpu/drm/apple/afk.o
  CC [M]  drivers/gpu/drm/apple/dcp_backlight.o
  CC [M]  drivers/gpu/drm/apple/dcp.o
  CC [M]  drivers/gpu/drm/apple/dptxep.o
  CC [M]  drivers/gpu/drm/apple/parser.o
  CC [M]  drivers/gpu/drm/apple/iomfb.o
  CC [M]  drivers/gpu/drm/apple/systemep.o
  CC [M]  drivers/gpu/drm/apple/audio.o
  CC [M]  drivers/gpu/drm/apple/av.o
  CC [M]  drivers/gpu/drm/apple/connector.o
  CC [M]  drivers/gpu/drm/apple/ibootep.o
  CC [M]  drivers/gpu/drm/apple/iomfb_v12_3.o
  CC [M]  drivers/gpu/drm/apple/iomfb_v13_3.o
  CC [M]  drivers/gpu/drm/apple/epic/dpavservep.o
  CC [M]  drivers/gpu/drm/apple/plane.o
  CC [M]  drivers/gpu/drm/apple/trace.o
  LD [M]  drivers/gpu/drm/apple/appledrm.o
  DTC     arch/arm64/boot/dts/apple/t8103-j313.dtb
make[1]: Leaving directory '/home/mert/Work/omarchy-mac-external-monitor/artifacts/usb4-backport/build'
make: Leaving directory '/home/mert/Work/omarchy-mac-external-monitor/sources/linux-usb4-backport'
