==> Starting build: '7.1.13-usb4-gpu-test'
  -> Running build hook: [base]
  -> Running build hook: [asahi]
==> WARNING: Possibly missing firmware for module: 'xhci_pci'
==> WARNING: Possibly missing firmware for module: 'dockchannel_hid'
  -> Running build hook: [udev]
  -> Running build hook: [plymouth]
  -> Running build hook: [keyboard]
==> WARNING: Possibly missing firmware for module: 'xhci_pci_renesas'
  -> Running build hook: [autodetect]
  -> Running build hook: [microcode]
==> WARNING: architecture 'aarch64' not supported, skipping hook
  -> Running build hook: [modconf]
  -> Running build hook: [kms]
==> WARNING: No module containing the symbol 'drm_privacy_screen_register' found in: 'drivers/platform'
  -> Running build hook: [keymap]
  -> Running build hook: [consolefont]
==> WARNING: consolefont: no font found in configuration
  -> Running build hook: [block]
  -> Running build hook: [encrypt]
  -> Running build hook: [filesystems]
  -> Running build hook: [fsck]
==> Generating module dependencies
==> Creating gzip-compressed initcpio image: '/home/mert/Work/omarchy-mac-external-monitor/artifacts/usb4-dpin-v3/initramfs-usb4-dpin-v3.img'
==> Initcpio image generation successful
