info: profile set to minimal
info: default host tuple is aarch64-unknown-linux-gnu
info: syncing channel updates for 1.93.1-aarch64-unknown-linux-gnu
info: latest update on 2026-02-12 for version 1.93.1 (01f6ddf75 2026-02-11)
info: downloading 4 components
info: default toolchain set to 1.93.1-aarch64-unknown-linux-gnu

  1.93.1-aarch64-unknown-linux-gnu installed - rustc 1.93.1 (01f6ddf75 2026-02-11)


Rust is installed now. Great!

To get started you need Cargo's bin directory 
(/home/mert/Work/omarchy-mac-external-monitor/artifacts/usb4-backport-toolchain/cargo/bin)
in your PATH
environment variable. This has not been done automatically.

To configure your current shell, you need to source
the corresponding env file under 
/home/mert/Work/omarchy-mac-external-monitor/artifacts/usb4-backport-toolchain/cargo.

Consider running the right command for your shell (note the leading DOT):
. 
"/home/mert/Work/omarchy-mac-external-monitor/artifacts/usb4-backport-toolchain/cargo/env"
# For sh/ash/dash/pdksh/bash
cargo:rerun-if-env-changed=CC_aarch64-unknown-linux-gnu
CC_aarch64-unknown-linux-gnu = None
cargo:rerun-if-env-changed=CC_aarch64_unknown_linux_gnu
CC_aarch64_unknown_linux_gnu = None
cargo:rerun-if-env-changed=HOST_CC
HOST_CC = None
cargo:rerun-if-env-changed=CC
CC = None
cargo:rerun-if-env-changed=CC_ENABLE_DEBUG_OUTPUT
cargo:rerun-if-env-changed=CRATE_CC_NO_DEFAULTS
CRATE_CC_NO_DEFAULTS = None
cargo:rerun-if-env-changed=CFLAGS
CFLAGS = None
cargo:rerun-if-env-changed=HOST_CFLAGS
HOST_CFLAGS = None
cargo:rerun-if-env-changed=CFLAGS_aarch64_unknown_linux_gnu
CFLAGS_aarch64_unknown_linux_gnu = None
cargo:rerun-if-env-changed=CFLAGS_aarch64-unknown-linux-gnu
CFLAGS_aarch64-unknown-linux-gnu = None
